main.c:111:6:MPU6050_Init	32	static
main.c:148:6:MPU6050_Read_Accel	40	static
main.c:172:6:MPU6050_Read_Gyro	40	static
main.c:201:5:main	16	static
main.c:257:6:SystemClock_Config	216	static
main.c:314:13:MX_ADC1_Init	24	static
main.c:364:13:MX_ETH_Init	8	static
main.c:406:13:MX_I2C2_Init	8	static
main.c:452:13:MX_TIM2_Init	40	static
main.c:497:13:MX_USART3_UART_Init	8	static
main.c:532:13:MX_USB_OTG_FS_PCD_Init	8	static
main.c:567:13:MX_GPIO_Init	56	static
main.c:616:6:HAL_TIM_PeriodElapsedCallback	40	static
main.c:650:6:Error_Handler	4	static
