main.c:111:6:MPU6050_Init	32	static
main.c:145:6:MPU6050_Read_Accel	40	static
main.c:167:6:MPU6050_Read_Gyro	40	static
main.c:195:5:main	16	static
main.c:251:6:SystemClock_Config	216	static
main.c:308:13:MX_ADC1_Init	24	static
main.c:358:13:MX_ETH_Init	8	static
main.c:400:13:MX_I2C2_Init	8	static
main.c:446:13:MX_TIM2_Init	40	static
main.c:491:13:MX_USART3_UART_Init	8	static
main.c:526:13:MX_USB_OTG_FS_PCD_Init	8	static
main.c:561:13:MX_GPIO_Init	56	static
main.c:610:6:HAL_TIM_PeriodElapsedCallback	48	static
main.c:636:6:Error_Handler	4	static
