stm32f7xx_hal_msp.c:64:6:HAL_MspInit	8	static
stm32f7xx_hal_msp.c:86:6:HAL_ADC_MspInit	40	static
stm32f7xx_hal_msp.c:119:6:HAL_ADC_MspDeInit	0	static
stm32f7xx_hal_msp.c:147:6:HAL_ETH_MspInit	72	static
stm32f7xx_hal_msp.c:214:6:HAL_ETH_MspDeInit	8	static
stm32f7xx_hal_msp.c:256:6:HAL_I2C_MspInit	40	static
stm32f7xx_hal_msp.c:292:6:HAL_I2C_MspDeInit	8	static
stm32f7xx_hal_msp.c:323:6:HAL_TIM_Base_MspInit	16	static
stm32f7xx_hal_msp.c:348:6:HAL_TIM_Base_MspDeInit	0	static
stm32f7xx_hal_msp.c:373:6:HAL_UART_MspInit	40	static
stm32f7xx_hal_msp.c:409:6:HAL_UART_MspDeInit	0	static
stm32f7xx_hal_msp.c:438:6:HAL_PCD_MspInit	40	static
stm32f7xx_hal_msp.c:482:6:HAL_PCD_MspDeInit	0	static
